[2021-11-28_07:11:59 test] Обычное сообщение
[2021-11-28_07:11:59 test] [at inherit0.php line 5] Отладочное сообщение
[2021-11-28_07:12:00 test] Обычное сообщение
[2021-11-28_07:12:00 test] [at inherit0.php line 5] Отладочное сообщение
[2021-11-28_07:12:00 test] Обычное сообщение
[2021-11-28_07:12:00 test] [at inherit0.php line 5] Отладочное сообщение
[2021-11-28_07:12:00 test] Обычное сообщение
[2021-11-28_07:12:00 test] [at inherit0.php line 5] Отладочное сообщение
[2021-11-28_07:13:10 test] Обычное сообщение
[2021-11-28_07:13:10 test] [at inherit0.php line 5] Отладочное сообщение
[2021-11-28_07:13:35 test] Обычное сообщение
[2021-11-28_07:13:35 test] [at inherit0.php line 5] Отладочное сообщение
[2021-11-28_07:13:50 test] Обычное сообщение
[2021-11-28_07:13:50 test] [at inherit0.php line 5] Отладочное сообщение
[2021-12-18_07:17:37 test] Обычное сообщение
[2021-12-18_07:17:37 test] [at inherit0.php line 5] Отладочное сообщение
